probe: using server at http://127.0.0.1:8766 (spawned)
PASS  announce: the destination line names the place, range, bearing, and the approach — High Country Ranch · 10 m west · via the yard
    [hunt 2] player=(-397.4, 304.6) wedged=0 timedOut=0 prompt=""
    [hunt 3] player=(-400.6, 302.8) wedged=0 timedOut=0 prompt=""
    [hunt 4] player=(-402.1, 302.4) wedged=0 timedOut=0 prompt=""
    [hunt 5] player=(-404.1, 300.0) wedged=0 timedOut=0 prompt=""
PASS  leg1: Harlan is addressable from the announced place — E — Talk to Harlan Calder — after 6 stop(s)
PASS  leg1: E opens the conversation — {"dialogue":"","speaker":"Harlan Calder"}
PASS  leg1: talking to the family starts the loop — stage=1 objective=Ride the ridge trail north to the Ranch Overlook
PASS  mount: the hint's E mounts the horse — mounted=true
    [ride] Ranch overlook (route): 758 m to go at (-390, 313)
    [ride] Ranch overlook (route): 763 m to go at (-392, 317)
    [ride] Ranch overlook (route): 759 m to go at (-405, 310)
    [ride] Ranch overlook (route): 780 m to go at (-397, 334)
    [ride] Ranch overlook (route): 799 m to go at (-412, 350)
    [ride] Ranch overlook (route): 775 m to go at (-391, 331)
    [ride] Ranch overlook (route): 792 m to go at (-410, 342)
    [ride] Ranch overlook (route): 762 m to go at (-390, 318)
    [ride] Ranch overlook (route): 758 m to go at (-397, 311)
    [ride] Ranch overlook (route): 755 m to go at (-413, 302)
    [ride] Ranch overlook (route): 768 m to go at (-409, 317)
    [ride] Ranch overlook (route): 758 m to go at (-396, 311)
    [ride] Ranch overlook (route): 752 m to go at (-414, 298)
    [ride] Ranch overlook (route): 749 m to go at (-418, 294)
    [ride] Ranch overlook (route): 720 m to go at (-417, 264)
    [ride] Ranch overlook (route): 737 m to go at (-405, 285)
    [ride] Ranch overlook (route): 718 m to go at (-421, 260)
    [ride] Ranch overlook (route): 697 m to go at (-417, 239)
    [ride] Ranch overlook (route): 704 m to go at (-402, 252)
    [ride] Ranch overlook (route): 698 m to go at (-422, 238)
    [ride] Ranch overlook (route): 709 m to go at (-424, 249)
    [ride] Ranch overlook (route): 741 m to go at (-440, 277)
    [ride] Ranch overlook (route): 746 m to go at (-414, 293)
    [ride] Ranch overlook (route): 711 m to go at (-425, 251)
    [ride] Ranch overlook (route): 727 m to go at (-422, 270)
    [ride] Ranch overlook (route): 732 m to go at (-422, 274)
    [ride] Ranch overlook (route): 700 m to go at (-403, 248)
    [ride] Ranch overlook (route): 732 m to go at (-423, 275)
    [ride] Ranch overlook (route): 700 m to go at (-403, 248)
    [ride] Ranch overlook (route): 695 m to go at (-409, 240)
    [ride] Ranch overlook (route): 675 m to go at (-418, 215)
    [ride] Ranch overlook (route): 698 m to go at (-421, 239)
    [ride] Ranch overlook (route): 674 m to go at (-411, 216)
    [ride] Ranch overlook (route): 658 m to go at (-418, 196)
    [ride] Ranch overlook (route): 639 m to go at (-425, 173)
    [ride] Ranch overlook (route): 621 m to go at (-430, 150)
    [ride] Ranch overlook (route): 658 m to go at (-433, 189)
    [ride] Ranch overlook (route): 640 m to go at (-423, 175)
    [ride] Ranch overlook (route): 621 m to go at (-427, 151)
    [ride] Ranch overlook (route): 604 m to go at (-433, 130)
    [ride] Ranch overlook (route): 641 m to go at (-436, 170)
    [ride] Ranch overlook (route): 622 m to go at (-428, 152)
    [ride] Ranch overlook (route): 604 m to go at (-432, 130)
    [ride] Ranch overlook (route): 588 m to go at (-437, 109)
    [ride] Ranch overlook (route): 571 m to go at (-442, 87)
    [ride] Ranch overlook (route): 553 m to go at (-447, 64)
    [ride] Ranch overlook (route): 537 m to go at (-452, 42)
    [ride] Ranch overlook (route): 558 m to go at (-437, 75)
    [ride] Ranch overlook (route): 556 m to go at (-458, 61)
    [ride] Ranch overlook (route): 574 m to go at (-451, 86)
    [ride] Ranch overlook (route): 578 m to go at (-430, 102)
    [ride] Ranch overlook (route): 606 m to go at (-443, 127)
    [ride] Ranch overlook (route): 582 m to go at (-432, 105)
    [ride] Ranch overlook (route): 602 m to go at (-447, 121)
    [ride] Ranch overlook (route): 576 m to go at (-429, 100)
    [ride] Ranch overlook (route): 599 m to go at (-446, 117)
    [ride] Ranch overlook (route): 576 m to go at (-430, 100)
    [ride] Ranch overlook (route): 566 m to go at (-439, 83)
    [ride] Ranch overlook (route): 591 m to go at (-448, 107)
    [ride] Ranch overlook (route): 562 m to go at (-435, 81)
    [ride] Ranch overlook (route): 586 m to go at (-451, 100)
    [ride] Ranch overlook (route): 559 m to go at (-434, 78)
    [ride] Ranch overlook (route): 550 m to go at (-442, 62)
    [ride] Ranch overlook (route): 537 m to go at (-451, 42)
    [ride] Ranch overlook (route): 521 m to go at (-457, 19)
    [ride] Ranch overlook (route): 506 m to go at (-461, -2)
    [ride] Ranch overlook (route): 491 m to go at (-465, -23)
    [ride] Ranch overlook (route): 506 m to go at (-447, 8)
    [ride] Ranch overlook (route): 509 m to go at (-464, -1)
    [ride] Ranch overlook (route): 495 m to go at (-468, -22)
    [ride] Ranch overlook (route): 478 m to go at (-470, -45)
    [ride] Ranch overlook (route): 463 m to go at (-474, -68)
    [ride] Ranch overlook (route): 451 m to go at (-478, -90)
    [ride] Ranch overlook (route): 436 m to go at (-480, -112)
    [ride] Ranch overlook (route): 422 m to go at (-480, -134)
    [ride] Ranch overlook (route): 407 m to go at (-480, -157)
    [ride] Ranch overlook (route): 394 m to go at (-480, -179)
    [ride] Ranch overlook (route): 411 m to go at (-471, -140)
    [ride] Ranch overlook (route): 412 m to go at (-487, -159)
    [ride] Ranch overlook (route): 418 m to go at (-475, -134)
    [ride] Ranch overlook (route): 411 m to go at (-488, -161)
    [ride] Ranch overlook (route): 405 m to go at (-469, -148)
    [ride] Ranch overlook (route): 412 m to go at (-491, -163)
    [ride] Ranch overlook (route): 405 m to go at (-470, -148)
    [ride] Ranch overlook (route): 410 m to go at (-491, -167)
    [ride] Ranch overlook (route): 407 m to go at (-469, -144)
    [ride] Ranch overlook (route): 412 m to go at (-489, -161)
    [ride] Ranch overlook (route): 405 m to go at (-469, -147)
    [ride] Ranch overlook (route): 412 m to go at (-490, -163)
    [ride] Ranch overlook (route): 404 m to go at (-469, -150)
    [ride] Ranch overlook (route): 410 m to go at (-491, -167)
    [ride] Ranch overlook (route): 404 m to go at (-471, -152)
    [ride] Ranch overlook (route): 411 m to go at (-491, -166)
    [ride] Ranch overlook (route): 398 m to go at (-486, -181)
    [ride] Ranch overlook (route): 389 m to go at (-471, -175)
    [ride] Ranch overlook (route): 398 m to go at (-492, -190)
    [ride] Ranch overlook (route): 391 m to go at (-469, -171)
    [ride] Ranch overlook (route): 398 m to go at (-490, -186)
    [ride] Ranch overlook (route): 385 m to go at (-485, -204)
    [ride] Ranch overlook (route): 383 m to go at (-470, -184)
    [ride] Ranch overlook (route): 378 m to go at (-488, -221)
    [ride] Ranch overlook (route): 377 m to go at (-473, -199)
    [ride] Ranch overlook (route): 381 m to go at (-490, -219)
    [ride] Ranch overlook (route): 373 m to go at (-485, -226)
    [ride] Ranch overlook (route): 365 m to go at (-473, -222)
    [ride] Ranch overlook (route): 359 m to go at (-480, -248)
    [ride] Ranch overlook (route): 355 m to go at (-488, -273)
    [ride] Ranch overlook (route): 344 m to go at (-469, -256)
    [ride] Ranch overlook (route): 356 m to go at (-491, -279)
    [ride] Ranch overlook (route): 342 m to go at (-484, -298)
    [ride] Ranch overlook (route): 348 m to go at (-479, -270)
    [ride] Ranch overlook (route): 344 m to go at (-485, -296)
    [ride] Ranch overlook (route): 338 m to go at (-471, -275)
    [ride] Ranch overlook (route): 326 m to go at (-470, -307)
    [ride] Ranch overlook (route): 341 m to go at (-490, -322)
    [ride] Ranch overlook (route): 333 m to go at (-485, -339)
    [ride] Ranch overlook (route): 325 m to go at (-481, -361)
    [ride] Ranch overlook (route): 321 m to go at (-480, -384)
    [ride] Ranch overlook (route): 307 m to go at (-467, -394)
    [ride] Ranch overlook (route): 315 m to go at (-472, -363)
    [ride] Ranch overlook (route): 325 m to go at (-484, -383)
    [ride] Ranch overlook (route): 309 m to go at (-469, -397)
    [ride] Ranch overlook (route): 313 m to go at (-470, -366)
    [ride] Ranch overlook (route): 329 m to go at (-488, -392)
    [ride] Ranch overlook (route): 317 m to go at (-474, -365)
    [ride] Ranch overlook (route): 309 m to go at (-469, -395)
    [ride] Ranch overlook (route): 312 m to go at (-469, -367)
    [ride] Ranch overlook (route): 325 m to go at (-484, -386)
    [ride] Ranch overlook (route): 308 m to go at (-468, -397)
    [ride] Ranch overlook (route): 285 m to go at (-445, -397)
    [ride] Ranch overlook (route): 263 m to go at (-423, -396)
    [ride] Ranch overlook (route): 240 m to go at (-400, -396)
    [ride] Ranch overlook (route): 217 m to go at (-377, -396)
    [ride] Ranch overlook (route): 251 m to go at (-410, -384)
    [ride] Ranch overlook (route): 239 m to go at (-399, -400)
    [ride] Ranch overlook (route): 217 m to go at (-377, -400)
    [ride] Ranch overlook (route): 193 m to go at (-353, -397)
    [ride] Ranch overlook (route): 227 m to go at (-386, -386)
    [ride] Ranch overlook (route): 215 m to go at (-374, -403)
    [ride] Ranch overlook (route): 229 m to go at (-388, -384)
    [ride] Ranch overlook (route): 212 m to go at (-372, -405)
    [ride] Ranch overlook (route): 227 m to go at (-386, -385)
    [ride] Ranch overlook (route): 208 m to go at (-368, -407)
    [ride] Ranch overlook (route): 224 m to go at (-383, -386)
    [ride] Ranch overlook (route): 199 m to go at (-359, -405)
    [ride] Ranch overlook (route): 222 m to go at (-381, -390)
    [ride] Ranch overlook (route): 202 m to go at (-362, -407)
    [ride] Ranch overlook (route): 193 m to go at (-353, -401)
    [ride] Ranch overlook (route): 171 m to go at (-331, -397)
    [ride] Ranch overlook (route): 149 m to go at (-308, -397)
    [ride] Ranch overlook (route): 127 m to go at (-286, -398)
    [ride] Ranch overlook (route): 162 m to go at (-322, -405)
    [ride] Ranch overlook (route): 139 m to go at (-297, -386)
    [ride] Ranch overlook (route): 124 m to go at (-283, -392)
    [ride] Ranch overlook (route): 131 m to go at (-291, -407)
    [ride] Ranch overlook (route): 108 m to go at (-267, -391)
    [ride] Ranch overlook (route): 89 m to go at (-246, -388)
    [ride] Ranch overlook (route): 107 m to go at (-267, -406)
    [ride] Ranch overlook (route): 97 m to go at (-254, -387)
    [ride] Ranch overlook (route): 111 m to go at (-271, -409)
    [ride] Ranch overlook (route): 101 m to go at (-259, -391)
    [ride] Ranch overlook (route): 114 m to go at (-274, -409)
    [ride] Ranch overlook (route): 102 m to go at (-260, -391)
    [ride] Ranch overlook (route): 116 m to go at (-276, -409)
    [ride] Ranch overlook (route): 101 m to go at (-260, -391)
    [ride] Ranch overlook (route): 117 m to go at (-277, -409)
    [ride] Ranch overlook (route): 102 m to go at (-261, -391)
    [ride] Ranch overlook (route): 119 m to go at (-279, -408)
    [ride] Ranch overlook (route): 101 m to go at (-260, -391)
    [ride] Ranch overlook (route): 115 m to go at (-275, -410)
    [ride] Ranch overlook (route): 102 m to go at (-260, -391)
    [ride] Ranch overlook (route): 115 m to go at (-275, -410)
    [ride] Ranch overlook (route): 100 m to go at (-258, -390)
    [ride] Ranch overlook (route): 81 m to go at (-239, -394)
    [ride] Ranch overlook (route): 57 m to go at (-216, -398)
    [ride] Ranch overlook (route: overlook.overlook): 34 m to go at (-193, -399)
    [ride] Ranch overlook (approach): 11 m to go at (-170, -405)
PASS  leg2: arriving at the announced place is an event — objective=Glass the smoke from the overlook
PASS  leg2: the world announces what you arrived at — The Ranch Overlook. Far to the north, a column of smoke stan
PASS  leg2: the target line still resolves the loop's next place — Ranch overlook · 0 m east · via the vantage
PASS  leg2: the announced range shrank across the ride — Ranch overlook · 0 m east · via the vantage
PASS  dismount: off the horse at the overlook — true
PASS  leg3: the examination is offered at the announced place — E — Glass the smoke
PASS  leg3: the discovery is recorded — flag sawArson
probe-travel: FAILED — ride to High Country Ranch stalled at 2168 m (best 764 m; player (1516, -684) even after a back-off rescue)
